// Jest Snapshot v1, https://goo.gl/fbAQLP

exports[`CreateNewsLink tests should match snapshot 1`] = `
<div>
  <a
    class="link navigation__item create-news-link"
    href="/create-news"
  >
    Create news
  </a>
</div>
`;
