// Jest Snapshot v1, https://goo.gl/fbAQLP

exports[`AppError tests AppError should match snapshot 1`] = `
<div>
  <div
    class="app-error"
  >
    <div
      class="sc-cNnxps exhlsC"
    >
      <a
        class="sc-dPPMrM kRUAKl"
      >
        <div
          class="sc-jotlie dqAMSL"
        >
          <svg
            fill="#ffffff"
            height="16px"
            version="1.1"
            viewBox="0 0 16 16"
            width="16px"
            xmlns="http://www.w3.org/2000/svg"
            xmlns:xlink="http://www.w3.org/1999/xlink"
          >
            <path
              d="M10.6536364,8 L14.6336932,4.01994318 C15.1221023,3.53153409 15.1221023,2.73965909 14.6336932,2.25085227 L13.7491477,1.36630682 C13.2607386,0.877897727 12.4688636,0.877897727 11.9800568,1.36630682 L8,5.34636364 L4.01994318,1.36630682 C3.53153409,0.877897727 2.73965909,0.877897727 2.25085227,1.36630682 L1.36630682,2.25085227 C0.877897727,2.73926136 0.877897727,3.53113636 1.36630682,4.01994318 L5.34636364,8 L1.36630682,11.9800568 C0.877897727,12.4684659 0.877897727,13.2603409 1.36630682,13.7491477 L2.25085227,14.6336932 C2.73926136,15.1221023 3.53153409,15.1221023 4.01994318,14.6336932 L8,10.6536364 L11.9800568,14.6336932 C12.4684659,15.1221023 13.2607386,15.1221023 13.7491477,14.6336932 L14.6336932,13.7491477 C15.1221023,13.2607386 15.1221023,12.4688636 14.6336932,11.9800568 L10.6536364,8 Z"
            />
          </svg>
        </div>
        <span>
          <h1
            class="sc-fdQOMr ilKMxz"
          >
            Whooooops!
          </h1>
          <p
            class="sc-fAJaQT eDuKSh"
          >
            error!
          </p>
        </span>
      </a>
      <button
        class="sc-jhAzac eDSnGh sc-jWxkHr jRfOxL sc-jWxkHr jRfOxL"
        data-id="button-icon-element"
        title="Close"
        type="button"
      >
        <svg
          fill="#a4a7b5"
          height="16px"
          version="1.1"
          viewBox="0 0 16 16"
          width="16px"
          xmlns="http://www.w3.org/2000/svg"
          xmlns:xlink="http://www.w3.org/1999/xlink"
        >
          <path
            d="M9.40933333,7.99533333 L15.6973333,1.70733333 C16.088,1.317 16.088,0.683666667 15.6973333,0.293333333 C15.3066667,-0.0973333333 14.674,-0.0973333333 14.2833333,0.293333333 L7.99533333,6.58133333 L1.707,0.293333333 C1.31633333,-0.0973333333 0.683666667,-0.0973333333 0.293,0.293333333 C-0.0976666667,0.683666667 -0.0976666667,1.317 0.293,1.70733333 L6.58133333,7.99533333 L0.293,14.2833333 C-0.0976666667,14.6736667 -0.0976666667,15.307 0.293,15.6973333 C0.488333333,15.8923333 0.744333333,15.99 1,15.99 C1.25566667,15.99 1.51166667,15.8923333 1.707,15.697 L7.99533333,9.409 L14.2833333,15.697 C14.4786667,15.8923333 14.7346667,15.99 14.9903333,15.99 C15.246,15.99 15.502,15.8923333 15.6973333,15.697 C16.088,15.3066667 16.088,14.6733333 15.6973333,14.283 L9.40933333,7.99533333 Z"
            id="Shape"
          />
        </svg>
      </button>
    </div>
  </div>
</div>
`;
